---------------------------------------------------------------------------------------------------------------------------------------------------
      name:  <unnamed>
       log:  C:\Users\29295\OneDrive - CUHK-Shenzhen\Undergraduate\大四下\FIN3080\HW2\00_check_vars.log
  log type:  text
 opened on:   2 Apr 2026, 22:22:34

. 
. display "===== FILE LIST CHECK ====="
===== FILE LIST CHECK =====

. local files ///
> "1.4.1a value of shares traded.dta" ///
> "1.4.1b 2014-2018 SSE Composite Index (000001) daily price.dta" ///
> "1.4.1b 2018-2022 SSE Composite Index (000001) daily price.dta" ///
> "1.4.1b 2022-2026 SSE Composite Index (000001) daily price.dta" ///
> "1.4.1c Daily margin trading and securities lending balance.dta" ///
> "1.4.1d Daily 10-year government bond yield.dta" ///
> "daily fund shares.dta" ///
> "CSI300 PE and dividend yield.dta" ///
> "daily representative price.dta"

. 
. foreach f of local files {
  2.     display " "
  3.     display "=============================="
  4.     display "FILE: `f'"
  5.     display "=============================="
  6.     capture confirm file "`f'"
  7.     if _rc {
  8.         display ">>> NOT FOUND <<<"
  9.         continue
 10.     }
 11. 
.     use "`f'", clear
 12.     describe
 13.     codebook in 1/5
 14.     list in 1/5, abbrev(20)
 15. }
 
==============================
FILE: 1.4.1a
==============================
>>> NOT FOUND <<<
 
==============================
FILE: value
==============================
>>> NOT FOUND <<<
 
==============================
FILE: of
==============================
>>> NOT FOUND <<<
 
==============================
FILE: shares
==============================
>>> NOT FOUND <<<
 
==============================
FILE: traded.dta
==============================
>>> NOT FOUND <<<
 
==============================
FILE: 1.4.1b 2014-2018 SSE Composite Index (000001) daily price.dta
==============================
(CSMAR)

Contains data from 1.4.1b 2014-2018 SSE Composite Index (000001) daily price.dta
  obs:           976                          CSMAR
 vars:             3                          02 Apr 2026 20:21
 size:        23,424                          
---------------------------------------------------------------------------------------------------------------------------------------------------
              storage   display    value
variable name   type    format     label      variable label
---------------------------------------------------------------------------------------------------------------------------------------------------
Indexcd         str6    %-9s                  [Index Code Of Stock Exchange] - The actual index code released by the stock exc
Idxtrd01        str10   %-9s                  [Trading Date] - Denoted by YYYY-MM-DD
Idxtrd05        double  %10.0g                [Closing Index] - The last index record of daily trading
---------------------------------------------------------------------------------------------------------------------------------------------------
Sorted by: 

---------------------------------------------------------------------------------------------------------------------------------------------------
Indexcd                                                            [Index Code Of Stock Exchange] - The actual index code released by the stock exc
---------------------------------------------------------------------------------------------------------------------------------------------------

                  type:  string (str6)

         unique values:  1                        missing "":  0/5

            tabulation:  Freq.  Value
                             5  "000001"

---------------------------------------------------------------------------------------------------------------------------------------------------
Idxtrd01                                                                                                     [Trading Date] - Denoted by YYYY-MM-DD
---------------------------------------------------------------------------------------------------------------------------------------------------

                  type:  string (str10)

         unique values:  5                        missing "":  0/5

            tabulation:  Freq.  Value
                             1  "2014-06-19"
                             1  "2014-06-20"
                             1  "2014-06-23"
                             1  "2014-06-24"
                             1  "2014-06-25"

---------------------------------------------------------------------------------------------------------------------------------------------------
Idxtrd05                                                                                   [Closing Index] - The last index record of daily trading
---------------------------------------------------------------------------------------------------------------------------------------------------

                  type:  numeric (double)

                 range:  [2023.735,2033.931]          units:  .001
         unique values:  5                        missing .:  0/5

            tabulation:  Freq.  Value
                             1  2023.735
                             1  2024.365
                             1  2025.502
                             1  2026.674
                             1  2033.931

     +---------------------------------+
     | Indexcd   Idxtrd01     Idxtrd05 |
     |---------------------------------|
  1. | 000001    2014-06-19   2023.735 |
  2. | 000001    2014-06-20   2026.674 |
  3. | 000001    2014-06-23   2024.365 |
  4. | 000001    2014-06-24   2033.931 |
  5. | 000001    2014-06-25   2025.502 |
     +---------------------------------+
 
==============================
FILE: 1.4.1b 2018-2022 SSE Composite Index (000001) daily price.dta
==============================
(CSMAR)

Contains data from 1.4.1b 2018-2022 SSE Composite Index (000001) daily price.dta
  obs:           971                          CSMAR
 vars:             3                          02 Apr 2026 20:32
 size:        23,304                          
---------------------------------------------------------------------------------------------------------------------------------------------------
              storage   display    value
variable name   type    format     label      variable label
---------------------------------------------------------------------------------------------------------------------------------------------------
Indexcd         str6    %-9s                  [Index Code Of Stock Exchange] - The actual index code released by the stock exc
Idxtrd01        str10   %-9s                  [Trading Date] - Denoted by YYYY-MM-DD
Idxtrd05        double  %10.0g                [Closing Index] - The last index record of daily trading
---------------------------------------------------------------------------------------------------------------------------------------------------
Sorted by: 

---------------------------------------------------------------------------------------------------------------------------------------------------
Indexcd                                                            [Index Code Of Stock Exchange] - The actual index code released by the stock exc
---------------------------------------------------------------------------------------------------------------------------------------------------

                  type:  string (str6)

         unique values:  1                        missing "":  0/5

            tabulation:  Freq.  Value
                             5  "000001"

---------------------------------------------------------------------------------------------------------------------------------------------------
Idxtrd01                                                                                                     [Trading Date] - Denoted by YYYY-MM-DD
---------------------------------------------------------------------------------------------------------------------------------------------------

                  type:  string (str10)

         unique values:  5                        missing "":  0/5

            tabulation:  Freq.  Value
                             1  "2018-06-19"
                             1  "2018-06-20"
                             1  "2018-06-21"
                             1  "2018-06-22"
                             1  "2018-06-25"

---------------------------------------------------------------------------------------------------------------------------------------------------
Idxtrd05                                                                                   [Closing Index] - The last index record of daily trading
---------------------------------------------------------------------------------------------------------------------------------------------------

                  type:  numeric (double)

                 range:  [2859.336,2915.731]          units:  .001
         unique values:  5                        missing .:  0/5

            tabulation:  Freq.  Value
                             1  2859.336
                             1  2875.81
                             1  2889.76
                             1  2907.822
                             1  2915.731

     +---------------------------------+
     | Indexcd   Idxtrd01     Idxtrd05 |
     |---------------------------------|
  1. | 000001    2018-06-19   2907.822 |
  2. | 000001    2018-06-20   2915.731 |
  3. | 000001    2018-06-21    2875.81 |
  4. | 000001    2018-06-22    2889.76 |
  5. | 000001    2018-06-25   2859.336 |
     +---------------------------------+
 
==============================
FILE: 1.4.1b 2022-2026 SSE Composite Index (000001) daily price.dta
==============================
(CSMAR)

Contains data from 1.4.1b 2022-2026 SSE Composite Index (000001) daily price.dta
  obs:           901                          CSMAR
 vars:             3                          02 Apr 2026 20:33
 size:        21,624                          
---------------------------------------------------------------------------------------------------------------------------------------------------
              storage   display    value
variable name   type    format     label      variable label
---------------------------------------------------------------------------------------------------------------------------------------------------
Indexcd         str6    %-9s                  [Index Code Of Stock Exchange] - The actual index code released by the stock exc
Idxtrd01        str10   %-9s                  [Trading Date] - Denoted by YYYY-MM-DD
Idxtrd05        double  %10.0g                [Closing Index] - The last index record of daily trading
---------------------------------------------------------------------------------------------------------------------------------------------------
Sorted by: 

---------------------------------------------------------------------------------------------------------------------------------------------------
Indexcd                                                            [Index Code Of Stock Exchange] - The actual index code released by the stock exc
---------------------------------------------------------------------------------------------------------------------------------------------------

                  type:  string (str6)

         unique values:  1                        missing "":  0/5

            tabulation:  Freq.  Value
                             5  "000001"

---------------------------------------------------------------------------------------------------------------------------------------------------
Idxtrd01                                                                                                     [Trading Date] - Denoted by YYYY-MM-DD
---------------------------------------------------------------------------------------------------------------------------------------------------

                  type:  string (str10)

         unique values:  5                        missing "":  0/5

            tabulation:  Freq.  Value
                             1  "2022-06-20"
                             1  "2022-06-21"
                             1  "2022-06-22"
                             1  "2022-06-23"
                             1  "2022-06-24"

---------------------------------------------------------------------------------------------------------------------------------------------------
Idxtrd05                                                                                   [Closing Index] - The last index record of daily trading
---------------------------------------------------------------------------------------------------------------------------------------------------

                  type:  numeric (double)

                 range:  [3267.202,3349.747]          units:  .001
         unique values:  5                        missing .:  0/5

            tabulation:  Freq.  Value
                             1  3267.202
                             1  3306.719
                             1  3315.43
                             1  3320.149
                             1  3349.747

     +---------------------------------+
     | Indexcd   Idxtrd01     Idxtrd05 |
     |---------------------------------|
  1. | 000001    2022-06-20    3315.43 |
  2. | 000001    2022-06-21   3306.719 |
  3. | 000001    2022-06-22   3267.202 |
  4. | 000001    2022-06-23   3320.149 |
  5. | 000001    2022-06-24   3349.747 |
     +---------------------------------+
 
==============================
FILE: 1.4.1c Daily margin trading and securities lending balance.dta
==============================
(CSMAR)

Contains data from 1.4.1c Daily margin trading and securities lending balance.dta
  obs:         6,439                          CSMAR
 vars:             3                          02 Apr 2026 21:41
 size:       141,658                          
---------------------------------------------------------------------------------------------------------------------------------------------------
              storage   display    value
variable name   type    format     label      variable label
---------------------------------------------------------------------------------------------------------------------------------------------------
Exchangecode    str4    %-9s                  [Exchange Code] - SSE: Shanghai Stock Exchange, SZSE: Shenzhen Stock Exchange
Mtdate          str10   %-9s                  [Credit Trading Date] - Denoted by YYYY-MM-DD
Mtbalance       double  %10.0g                [Balance of Margin Trading & Securities Lending] - Total balance of margin tradi
---------------------------------------------------------------------------------------------------------------------------------------------------
Sorted by: 

---------------------------------------------------------------------------------------------------------------------------------------------------
Exchangecode                                                          [Exchange Code] - SSE: Shanghai Stock Exchange, SZSE: Shenzhen Stock Exchange
---------------------------------------------------------------------------------------------------------------------------------------------------

                  type:  string (str4)

         unique values:  2                        missing "":  0/5

            tabulation:  Freq.  Value
                             3  "SHSE"
                             2  "SZSE"

---------------------------------------------------------------------------------------------------------------------------------------------------
Mtdate                                                                                                [Credit Trading Date] - Denoted by YYYY-MM-DD
---------------------------------------------------------------------------------------------------------------------------------------------------

                  type:  string (str10)

         unique values:  3                        missing "":  0/5

            tabulation:  Freq.  Value
                             2  "2014-06-19"
                             2  "2014-06-20"
                             1  "2014-06-23"

---------------------------------------------------------------------------------------------------------------------------------------------------
Mtbalance                                                          [Balance of Margin Trading & Securities Lending] - Total balance of margin tradi
---------------------------------------------------------------------------------------------------------------------------------------------------

                  type:  numeric (double)

                 range:  [1.392e+11,2.661e+11]        units:  100
         unique values:  5                        missing .:  0/5

            tabulation:  Freq.  Value
                             1  1.392e+11
                             1  1.393e+11
                             1  2.661e+11
                             1  2.661e+11
                             1  2.661e+11

     +---------------------------------------+
     | Exchangecode   Mtdate       Mtbalance |
     |---------------------------------------|
  1. | SHSE           2014-06-19   2.661e+11 |
  2. | SZSE           2014-06-19   1.393e+11 |
  3. | SHSE           2014-06-20   2.661e+11 |
  4. | SZSE           2014-06-20   1.392e+11 |
  5. | SHSE           2014-06-23   2.661e+11 |
     +---------------------------------------+
 
==============================
FILE: 1.4.1d Daily 10-year government bond yield.dta
==============================
(CSMAR)

Contains data from 1.4.1d Daily 10-year government bond yield.dta
  obs:        10,260                          CSMAR
 vars:             4                          02 Apr 2026 18:36
 size:       348,840                          
---------------------------------------------------------------------------------------------------------------------------------------------------
              storage   display    value
variable name   type    format     label      variable label
---------------------------------------------------------------------------------------------------------------------------------------------------
Trddt           str10   %-9s                  [Date] -
Cvtype          double  %10.0g                [Yield Curve Type] - 1=Yield to Maturity; 2=Spot Rate.
Yeartomatu      double  %10.0g                [Residual Period] - 0d=0; 1m=0.08; 2m=0.17; 3m=0.25; 6m=0.5; 9m=0.75; 1y=1; 3y=3
Yield           double  %10.0g                [Yield to Maturity] -
---------------------------------------------------------------------------------------------------------------------------------------------------
Sorted by: 

---------------------------------------------------------------------------------------------------------------------------------------------------
Trddt                                                                                                                                     [Date] - 
---------------------------------------------------------------------------------------------------------------------------------------------------

                  type:  string (str10)

         unique values:  5                        missing "":  0/5

            tabulation:  Freq.  Value
                             1  "2005-01-04"
                             1  "2005-01-05"
                             1  "2005-01-06"
                             1  "2005-01-07"
                             1  "2005-01-10"

---------------------------------------------------------------------------------------------------------------------------------------------------
Cvtype                                                                                       [Yield Curve Type] - 1=Yield to Maturity; 2=Spot Rate.
---------------------------------------------------------------------------------------------------------------------------------------------------

                  type:  numeric (double)

                 range:  [1,1]                        units:  1
         unique values:  1                        missing .:  0/5

            tabulation:  Freq.  Value
                             5  1

---------------------------------------------------------------------------------------------------------------------------------------------------
Yeartomatu                                                         [Residual Period] - 0d=0; 1m=0.08; 2m=0.17; 3m=0.25; 6m=0.5; 9m=0.75; 1y=1; 3y=3
---------------------------------------------------------------------------------------------------------------------------------------------------

                  type:  numeric (double)

                 range:  [10,10]                      units:  1
         unique values:  1                        missing .:  0/5

            tabulation:  Freq.  Value
                             5  10

---------------------------------------------------------------------------------------------------------------------------------------------------
Yield                                                                                                                        [Yield to Maturity] - 
---------------------------------------------------------------------------------------------------------------------------------------------------

                  type:  numeric (double)

                 range:  [5.0084,5.2221]              units:  .0001
         unique values:  5                        missing .:  0/5

            tabulation:  Freq.  Value
                             1  5.0084
                             1  5.1533
                             1  5.1707
                             1  5.1988
                             1  5.2221

     +-------------------------------------------+
     | Trddt        Cvtype   Yeartomatu    Yield |
     |-------------------------------------------|
  1. | 2005-01-04        1           10   5.2221 |
  2. | 2005-01-05        1           10   5.0084 |
  3. | 2005-01-06        1           10   5.1707 |
  4. | 2005-01-07        1           10   5.1533 |
  5. | 2005-01-10        1           10   5.1988 |
     +-------------------------------------------+
 
==============================
FILE: daily fund shares.dta
==============================

Contains data from daily fund shares.dta
  obs:         4,690                          
 vars:             3                          15 Mar 2026 18:56
 size:        93,800                          
---------------------------------------------------------------------------------------------------------------------------------------------------
              storage   display    value
variable name   type    format     label      variable label
---------------------------------------------------------------------------------------------------------------------------------------------------
fundcode        str10   %10s                  证券代码
Scale           double  %10.0g                发行总规模
[单位] 亿元
Date            int     %td                   发行日期↑
---------------------------------------------------------------------------------------------------------------------------------------------------
Sorted by: 

---------------------------------------------------------------------------------------------------------------------------------------------------
fundcode                                                                                                                                   证券代码
---------------------------------------------------------------------------------------------------------------------------------------------------

                  type:  string (str10), but longest is str9

         unique values:  5                        missing "":  0/5

            tabulation:  Freq.  Value
                             1  "070001.OF"
                             1  "070002.OF"
                             1  "080001.OF"
                             1  "161601.OF"
                             1  "217001.OF"

---------------------------------------------------------------------------------------------------------------------------------------------------
Scale                                                                                                                       发行总规模
[单位] 亿元
---------------------------------------------------------------------------------------------------------------------------------------------------

                  type:  numeric (double)

                 range:  [9.4534,31.6689]             units:  .0001
         unique values:  5                        missing .:  0/5

            tabulation:  Freq.  Value
                             1  9.4534
                             1  10.2919
                             1  20.0191
                             1  22.1886
                             1  31.6689

---------------------------------------------------------------------------------------------------------------------------------------------------
Date                                                                                                                                      发行日期↑
---------------------------------------------------------------------------------------------------------------------------------------------------

                  type:  numeric daily date (int)

                 range:  [15567,15858]                units:  1
       or equivalently:  [15aug2002,02jun2003]        units:  days
         unique values:  5                        missing .:  0/5

            tabulation:  Freq.  Value
                             1  15567  15aug2002
                             1  15578  26aug2002
                             1  15613  30sep2002
                             1  15781  17mar2003
                             1  15858  02jun2003

     +---------------------------------+
     |  fundcode     Scale        Date |
     |---------------------------------|
  1. | 161601.OF   22.1886   15aug2002 |
  2. | 080001.OF   31.6689   26aug2002 |
  3. | 070001.OF   20.0191   30sep2002 |
  4. | 217001.OF   10.2919   17mar2003 |
  5. | 070002.OF    9.4534   02jun2003 |
     +---------------------------------+
 
==============================
FILE: CSI300 PE and dividend yield.dta
==============================

Contains data from CSI300 PE and dividend yield.dta
  obs:         7,645                          
 vars:             3                          15 Mar 2026 19:23
 size:       198,770                          
---------------------------------------------------------------------------------------------------------------------------------------------------
              storage   display    value
variable name   type    format     label      variable label
---------------------------------------------------------------------------------------------------------------------------------------------------
Date            str10   %10s                  
CSI300_PE       double  %10.0g                市盈率PE(TTM)
[单位] 倍
CSI300_Divide~d double  %10.0g                股息率(近12个月)
[单位] %
---------------------------------------------------------------------------------------------------------------------------------------------------
Sorted by: 

---------------------------------------------------------------------------------------------------------------------------------------------------
Date                                                                                                                                    (unlabeled)
---------------------------------------------------------------------------------------------------------------------------------------------------

                  type:  string (str10)

         unique values:  5                        missing "":  0/5

            tabulation:  Freq.  Value
                             1  "2005/04/08"
                             1  "2005/04/09"
                             1  "2005/04/10"
                             1  "2005/04/11"
                             1  "2005/04/12"

---------------------------------------------------------------------------------------------------------------------------------------------------
CSI300_PE                                                                                                                   市盈率PE(TTM)
[单位] 倍
---------------------------------------------------------------------------------------------------------------------------------------------------

                  type:  numeric (double)

                 range:  [15.13,15.61]                units:  .01
         unique values:  4                        missing .:  0/5

            tabulation:  Freq.  Value
                             1  15.13
                             1  15.5
                             1  15.6
                             2  15.61

---------------------------------------------------------------------------------------------------------------------------------------------------
CSI300_DividendYield                                                                                                      股息率(近12个月)
[单位] %
---------------------------------------------------------------------------------------------------------------------------------------------------

                  type:  numeric (double)

                 range:  [1.83,1.9]                   units:  .01
         unique values:  3                        missing .:  0/5

            tabulation:  Freq.  Value
                             3  1.83
                             1  1.85
                             1  1.9

     +-----------------------------------------------+
     |       Date   CSI300_PE   CSI300_DividendYield |
     |-----------------------------------------------|
  1. | 2005/04/08        15.6                   1.83 |
  2. | 2005/04/09       15.61                   1.83 |
  3. | 2005/04/10       15.61                   1.83 |
  4. | 2005/04/11        15.5                   1.85 |
  5. | 2005/04/12       15.13                    1.9 |
     +-----------------------------------------------+
 
==============================
FILE: daily representative price.dta
==============================
(CSMAR)

Contains data from daily representative price.dta
  obs:       142,456                          CSMAR
 vars:             3                          16 Mar 2026 18:03
 size:     3,418,944                          
---------------------------------------------------------------------------------------------------------------------------------------------------
              storage   display    value
variable name   type    format     label      variable label
---------------------------------------------------------------------------------------------------------------------------------------------------
stk_code        str6    %-9s                  [证券代码] - 以上交所、深交所公布的证券代码为准
Date            str10   %-9s                  [交易日期] - 以YYYY-MM-DD表示
Price           double  %10.0g                [日收盘价] - A股以人民币元计，上海B以美元计，深圳B以港币计
---------------------------------------------------------------------------------------------------------------------------------------------------
Sorted by: 

---------------------------------------------------------------------------------------------------------------------------------------------------
stk_code                                                                                            [证券代码] - 以上交所、深交所公布的证券代码为准
---------------------------------------------------------------------------------------------------------------------------------------------------

                  type:  string (str6)

         unique values:  1                        missing "":  0/5

            tabulation:  Freq.  Value
                             5  "000166"

---------------------------------------------------------------------------------------------------------------------------------------------------
Date                                                                                                                  [交易日期] - 以YYYY-MM-DD表示
---------------------------------------------------------------------------------------------------------------------------------------------------

                  type:  string (str10)

         unique values:  5                        missing "":  0/5

            tabulation:  Freq.  Value
                             1  "2015-01-26"
                             1  "2015-01-27"
                             1  "2015-01-28"
                             1  "2015-01-29"
                             1  "2015-01-30"

---------------------------------------------------------------------------------------------------------------------------------------------------
Price                                                                                    [日收盘价] - A股以人民币元计，上海B以美元计，深圳B以港币计
---------------------------------------------------------------------------------------------------------------------------------------------------

                  type:  numeric (double)

                 range:  [16.85,19.65]                units:  .01
         unique values:  5                        missing .:  0/5

            tabulation:  Freq.  Value
                             1  16.85
                             1  17.17
                             1  17.6
                             1  17.73
                             1  19.65

     +-------------------------------+
     | stk_code   Date         Price |
     |-------------------------------|
  1. | 000166     2015-01-26   19.65 |
  2. | 000166     2015-01-27   17.73 |
  3. | 000166     2015-01-28   17.17 |
  4. | 000166     2015-01-29    17.6 |
  5. | 000166     2015-01-30   16.85 |
     +-------------------------------+

. 
. log close
      name:  <unnamed>
       log:  C:\Users\29295\OneDrive - CUHK-Shenzhen\Undergraduate\大四下\FIN3080\HW2\00_check_vars.log
  log type:  text
 closed on:   2 Apr 2026, 22:22:34
---------------------------------------------------------------------------------------------------------------------------------------------------
